2026-04-12 00:37:12,163 P1653 [INFO] ************************************************************
2026-04-12 00:37:12,163 P1653 [INFO] ConfigSet _OnInstanceBoot
2026-04-12 00:37:12,165 P1653 [INFO] ++++++++++++++++++++++++++++++++++++++++++++++++++++++++++++
2026-04-12 00:37:12,165 P1653 [INFO] Config AWSEBBaseConfig
2026-04-12 00:37:12,375 P1653 [INFO] ============================================================
2026-04-12 00:37:12,376 P1653 [INFO] Command clearbackupfiles
2026-04-12 00:37:12,391 P1653 [INFO] Completed successfully.
2026-04-12 00:37:12,394 P1653 [INFO] ++++++++++++++++++++++++++++++++++++++++++++++++++++++++++++
2026-04-12 00:37:12,395 P1653 [INFO] Config AWSEBCfnHupEndpointOverride
2026-04-12 00:37:12,395 P1653 [INFO] ============================================================
2026-04-12 00:37:12,395 P1653 [INFO] Command clearbackupfiles
2026-04-12 00:37:12,399 P1653 [INFO] Completed successfully.
2026-04-12 00:37:16,101 P1784 [INFO] ************************************************************
2026-04-12 00:37:16,101 P1784 [INFO] ConfigSet Infra-EmbeddedPreBuild
2026-04-12 00:37:36,664 P1990 [INFO] ************************************************************
2026-04-12 00:37:36,664 P1990 [INFO] ConfigSet Infra-EmbeddedPostBuild
2026-04-24 06:00:59,686 P591009 [INFO] ************************************************************
2026-04-24 06:00:59,686 P591009 [INFO] ConfigSet Infra-EmbeddedPreBuild
2026-04-24 06:01:18,347 P591415 [INFO] ************************************************************
2026-04-24 06:01:18,347 P591415 [INFO] ConfigSet Infra-EmbeddedPostBuild
2026-04-24 07:34:02,392 P595047 [INFO] ************************************************************
2026-04-24 07:34:02,393 P595047 [INFO] ConfigSet Infra-EmbeddedPostBuild
2026-04-24 07:49:45,298 P595833 [INFO] ************************************************************
2026-04-24 07:49:45,299 P595833 [INFO] ConfigSet Infra-EmbeddedPreBuild
2026-04-24 07:50:05,388 P596181 [INFO] ************************************************************
2026-04-24 07:50:05,388 P596181 [INFO] ConfigSet Infra-EmbeddedPostBuild
2026-04-24 08:39:47,745 P598126 [INFO] ************************************************************
2026-04-24 08:39:47,745 P598126 [INFO] ConfigSet Infra-EmbeddedPreBuild
2026-04-24 08:40:08,117 P598468 [INFO] ************************************************************
2026-04-24 08:40:08,118 P598468 [INFO] ConfigSet Infra-EmbeddedPostBuild
2026-04-24 08:41:51,300 P598816 [INFO] ************************************************************
2026-04-24 08:41:51,300 P598816 [INFO] ConfigSet Infra-EmbeddedPreBuild
2026-04-24 08:42:10,600 P599151 [INFO] ************************************************************
2026-04-24 08:42:10,600 P599151 [INFO] ConfigSet Infra-EmbeddedPostBuild
2026-04-24 08:42:59,174 P599449 [INFO] ************************************************************
2026-04-24 08:42:59,174 P599449 [INFO] ConfigSet Infra-EmbeddedPreBuild
2026-04-24 08:43:18,107 P599786 [INFO] ************************************************************
2026-04-24 08:43:18,108 P599786 [INFO] ConfigSet Infra-EmbeddedPostBuild
