[2026-04-12T00:37:11Z] Started EB User Data
+ SLEEP_TIME=2
+ SLEEP_TIME_MAX=3600
+ true
+ curl https://elasticbeanstalk-platform-assets-ap-south-1.s3.ap-south-1.amazonaws.com/stalks/eb_nodejs22_amazon_linux_2023_1.0.2416.0_20260408134349/lib/UserDataScript.sh
  % Total    % Received % Xferd  Average Speed   Time    Time     Time  Current
                                 Dload  Upload   Total   Spent    Left  Speed
  0     0   0     0   0     0     0     0  --:--:-- --:--:-- --:--:--     0100  4838 100  4838   0     0 107387     0  --:--:-- --:--:-- --:--:-- 109954
+ RESULT=0
+ [[ 0 -ne 0 ]]
+ /bin/bash /tmp/ebbootstrap.sh 'https://cloudformation-waitcondition-ap-south-1.s3.ap-south-1.amazonaws.com/arn%3Aaws%3Acloudformation%3Aap-south-1%3A374894298556%3Astack/awseb-e-tmgmibeb3m-immutable-stack/a69f1330-3607-11f1-b38b-0294cc257815/a6a04bb0-3607-11f1-b38b-0294cc257815/AWSEBInstanceLaunchWaitHandle?X-Amz-Algorithm=AWS4-HMAC-SHA256&X-Amz-Date=20260412T003633Z&X-Amz-SignedHeaders=host&X-Amz-Expires=43199&X-Amz-Credential=AKIARN2TU4VHANVLYVMW%2F20260412%2Fap-south-1%2Fs3%2Faws4_request&X-Amz-Signature=0c68ceb3bd293d49217e175454aac772997ee613b5a73a2325e382b4a19fc44e' arn:aws:cloudformation:ap-south-1:374894298556:stack/awseb-e-tmgmibeb3m-immutable-stack/a69f1330-3607-11f1-b38b-0294cc257815 36628c57-ecbe-43e4-8cb8-1c29d34d8e40 https://elasticbeanstalk-health.ap-south-1.amazonaws.com '' https://elasticbeanstalk-platform-assets-ap-south-1.s3.ap-south-1.amazonaws.com/stalks/eb_nodejs22_amazon_linux_2023_1.0.2416.0_20260408134349 ap-south-1
[2026-04-12T00:37:11.637Z] Started EB Bootstrapping Script.
[2026-04-12T00:37:11.641Z] Received parameters:
 TARBALLS = 
 EB_GEMS = 
 SIGNAL_URL = https://cloudformation-waitcondition-ap-south-1.s3.ap-south-1.amazonaws.com/arn%3Aaws%3Acloudformation%3Aap-south-1%3A374894298556%3Astack/awseb-e-tmgmibeb3m-immutable-stack/a69f1330-3607-11f1-b38b-0294cc257815/a6a04bb0-3607-11f1-b38b-0294cc257815/AWSEBInstanceLaunchWaitHandle?X-Amz-Algorithm=AWS4-HMAC-SHA256&X-Amz-Date=20260412T003633Z&X-Amz-SignedHeaders=host&X-Amz-Expires=43199&X-Amz-Credential=AKIARN2TU4VHANVLYVMW%2F20260412%2Fap-south-1%2Fs3%2Faws4_request&X-Amz-Signature=0c68ceb3bd293d49217e175454aac772997ee613b5a73a2325e382b4a19fc44e
 STACK_ID = arn:aws:cloudformation:ap-south-1:374894298556:stack/awseb-e-tmgmibeb3m-immutable-stack/a69f1330-3607-11f1-b38b-0294cc257815
 REGION = ap-south-1
 GUID = 
 HEALTHD_GROUP_ID = 36628c57-ecbe-43e4-8cb8-1c29d34d8e40
 HEALTHD_ENDPOINT = https://elasticbeanstalk-health.ap-south-1.amazonaws.com
 PROXY_SERVER = 
 HEALTHD_PROXY_LOG_LOCATION = 
 PLATFORM_ASSETS_URL = https://elasticbeanstalk-platform-assets-ap-south-1.s3.ap-south-1.amazonaws.com/stalks/eb_nodejs22_amazon_linux_2023_1.0.2416.0_20260408134349
[2026-04-12T00:37:11.651Z] engine url is set to https://elasticbeanstalk-platform-assets-ap-south-1.s3.ap-south-1.amazonaws.com/stalks/eb_nodejs22_amazon_linux_2023_1.0.2416.0_20260408134349/lib/platform-engine.zip
[2026-04-12T00:37:11.654Z] first init of instance.
[2026-04-12T00:37:11.657Z] Started executing cfn_init _OnInstanceBoot.
[2026-04-12T00:37:11.659Z] Running cfn-init ConfigSet: _OnInstanceBoot.
[2026-04-12T00:37:11.662Z] Using stack-id from userdata
[2026-04-12T00:37:12.435Z] Command Returned: 
[2026-04-12T00:37:12.438Z] Completed executing cfn_init.
[2026-04-12T00:37:12.440Z] finished _OnInstanceBoot
[2026-04-12T00:37:12.443Z] installing platform engine
2026-04-12 00:37:13 URL:https://elasticbeanstalk-platform-assets-ap-south-1.s3.ap-south-1.amazonaws.com/stalks/eb_nodejs22_amazon_linux_2023_1.0.2416.0_20260408134349/lib/platform-engine.zip [37469831/37469831] -> "/tmp/platform-engine.zip" [1]
[2026-04-12T00:37:13.737Z] executing platform engine. see /var/log/eb-engine.log.
[2026-04-12T00:37:40.257Z] Successfully bootstrapped instance.
[2026-04-12T00:37:40.262Z] Sending signal 0 to CFN wait condition https://cloudformation-waitcondition-ap-south-1.s3.ap-south-1.amazonaws.com/arn%3Aaws%3Acloudformation%3Aap-south-1%3A374894298556%3Astack/awseb-e-tmgmibeb3m-immutable-stack/a69f1330-3607-11f1-b38b-0294cc257815/a6a04bb0-3607-11f1-b38b-0294cc257815/AWSEBInstanceLaunchWaitHandle?X-Amz-Algorithm=AWS4-HMAC-SHA256&X-Amz-Date=20260412T003633Z&X-Amz-SignedHeaders=host&X-Amz-Expires=43199&X-Amz-Credential=AKIARN2TU4VHANVLYVMW%2F20260412%2Fap-south-1%2Fs3%2Faws4_request&X-Amz-Signature=0c68ceb3bd293d49217e175454aac772997ee613b5a73a2325e382b4a19fc44e
CloudFormation signaled successfully with status SUCCESS
[2026-04-12T00:37:40.551Z] Tailing /var/log/eb-engine.log

******************* eb-engine taillog *******************
2026/04/12 00:37:36.761029 [INFO] Register application processes...
2026/04/12 00:37:36.761032 [INFO] Registering the proc: web

2026/04/12 00:37:36.761042 [INFO] Running command: systemctl show -p PartOf web.service
2026/04/12 00:37:36.774956 [INFO] Running command: systemctl daemon-reload
2026/04/12 00:37:37.019623 [INFO] Running command: systemctl reset-failed
2026/04/12 00:37:37.028470 [INFO] Running command: systemctl is-enabled eb-app.target
2026/04/12 00:37:37.036484 [INFO] Copying file /opt/elasticbeanstalk/config/private/aws-eb.target to /etc/systemd/system/eb-app.target
2026/04/12 00:37:37.037903 [INFO] Running command: systemctl enable eb-app.target
2026/04/12 00:37:37.318887 [INFO] Created symlink /etc/systemd/system/multi-user.target.wants/eb-app.target → /etc/systemd/system/eb-app.target.

2026/04/12 00:37:37.318921 [INFO] Running command: systemctl start eb-app.target
2026/04/12 00:37:37.328464 [INFO] Running command: systemctl enable web.service
2026/04/12 00:37:37.608069 [INFO] Created symlink /etc/systemd/system/multi-user.target.wants/web.service → /etc/systemd/system/web.service.

2026/04/12 00:37:37.608102 [INFO] Running command: systemctl show -p PartOf web.service
2026/04/12 00:37:37.619537 [INFO] Running command: systemctl is-active web.service
2026/04/12 00:37:37.627061 [INFO] Running command: systemctl start web.service
2026/04/12 00:37:39.710485 [INFO] Executing instruction: start X-Ray
2026/04/12 00:37:39.710494 [INFO] X-Ray is not enabled.
2026/04/12 00:37:39.710496 [INFO] Executing instruction: start proxy with new configuration
2026/04/12 00:37:39.710517 [INFO] Running command: /usr/sbin/nginx -t -c /var/proxy/staging/nginx/nginx.conf
2026/04/12 00:37:39.766938 [INFO] nginx: [warn] could not build optimal types_hash, you should increase either types_hash_max_size: 1024 or types_hash_bucket_size: 64; ignoring types_hash_bucket_size
nginx: the configuration file /var/proxy/staging/nginx/nginx.conf syntax is ok
nginx: configuration file /var/proxy/staging/nginx/nginx.conf test is successful

2026/04/12 00:37:39.767010 [INFO] Running command: cp -rp /var/proxy/staging/nginx/* /etc/nginx
2026/04/12 00:37:39.772602 [INFO] Running command: systemctl show -p PartOf nginx.service
2026/04/12 00:37:39.788846 [INFO] Running command: systemctl daemon-reload
2026/04/12 00:37:40.021006 [INFO] Running command: systemctl reset-failed
2026/04/12 00:37:40.029464 [INFO] Running command: systemctl show -p PartOf nginx.service
2026/04/12 00:37:40.042739 [INFO] Running command: systemctl is-active nginx.service
2026/04/12 00:37:40.051634 [INFO] Running command: systemctl start nginx.service
2026/04/12 00:37:40.187821 [INFO] Executing instruction: configureSqsd
2026/04/12 00:37:40.187836 [INFO] This is a web server environment instance, skip configure sqsd daemon ...
2026/04/12 00:37:40.187840 [INFO] Executing instruction: startSqsd
2026/04/12 00:37:40.187843 [INFO] This is a web server environment instance, skip start sqsd daemon ...
2026/04/12 00:37:40.187847 [INFO] Executing instruction: Track pids in healthd
2026/04/12 00:37:40.187852 [INFO] This is an enhanced health env...
2026/04/12 00:37:40.187865 [INFO] Running command: systemctl show -p ConsistsOf aws-eb.target | cut -d= -f2
2026/04/12 00:37:40.198618 [INFO] nginx.service cfn-hup.service healthd.service

2026/04/12 00:37:40.198655 [INFO] Running command: systemctl show -p ConsistsOf eb-app.target | cut -d= -f2
2026/04/12 00:37:40.208458 [INFO] web.service

2026/04/12 00:37:40.208720 [INFO] Executing instruction: RunAppDeployPostDeployHooks
2026/04/12 00:37:40.208736 [INFO] No hooks found in .platform/hooks/postdeploy/, skipping
2026/04/12 00:37:40.208739 [INFO] Executing cleanup logic
2026/04/12 00:37:40.254825 [INFO] Platform Engine finished execution on command: self-startup
******************* End of taillog *******************


[2026-04-12T00:37:40.636Z] Tailing /var/log/eb-tools.log

******************* eb-tools taillog *******************
***eb-tools is not available yet.***
******************* End of taillog *******************


[2026-04-12T00:37:40.645Z] Tailing /var/log/eb-hooks.log

******************* eb-hooks taillog *******************
***eb-hooks is not available yet.***
******************* End of taillog *******************


[2026-04-12T00:37:40.653Z] Tailing /var/log/cfn-init.log

******************* cfn-init taillog *******************
2026-04-12 00:37:12,156 [INFO] -----------------------Starting build-----------------------
2026-04-12 00:37:12,161 [INFO] Running configSets: _OnInstanceBoot
2026-04-12 00:37:12,163 [INFO] Running configSet _OnInstanceBoot
2026-04-12 00:37:12,165 [INFO] Running config AWSEBBaseConfig
2026-04-12 00:37:12,392 [INFO] Command clearbackupfiles succeeded
2026-04-12 00:37:12,394 [INFO] Running config AWSEBCfnHupEndpointOverride
2026-04-12 00:37:12,399 [INFO] Command clearbackupfiles succeeded
2026-04-12 00:37:12,400 [INFO] ConfigSets completed
2026-04-12 00:37:12,400 [INFO] -----------------------Build complete-----------------------
2026-04-12 00:37:16,093 [INFO] -----------------------Starting build-----------------------
2026-04-12 00:37:16,099 [INFO] Running configSets: Infra-EmbeddedPreBuild
2026-04-12 00:37:16,101 [INFO] Running configSet Infra-EmbeddedPreBuild
2026-04-12 00:37:16,101 [INFO] ConfigSets completed
2026-04-12 00:37:16,101 [INFO] -----------------------Build complete-----------------------
2026-04-12 00:37:36,656 [INFO] -----------------------Starting build-----------------------
2026-04-12 00:37:36,662 [INFO] Running configSets: Infra-EmbeddedPostBuild
2026-04-12 00:37:36,664 [INFO] Running configSet Infra-EmbeddedPostBuild
2026-04-12 00:37:36,664 [INFO] ConfigSets completed
2026-04-12 00:37:36,665 [INFO] -----------------------Build complete-----------------------
******************* End of taillog *******************


[2026-04-12T00:37:40.687Z] Tailing /var/log/cfn-hup.log

******************* cfn-hup taillog *******************
2026-04-12 00:37:15,986 [DEBUG] CloudFormation client initialized with endpoint https://cloudformation.ap-south-1.amazonaws.com
2026-04-12 00:37:15,987 [DEBUG] SQS client initialized with endpoint https://sqs.ap-south-1.amazonaws.com
2026-04-12 00:37:15,987 [DEBUG] CloudFormation client initialized with endpoint https://cloudformation.ap-south-1.amazonaws.com
2026-04-12 00:37:15,987 [DEBUG] Enabled single threading mode.
2026-04-12 00:37:15,988 [DEBUG] Creating /var/lib/cfn-hup/data
2026-04-12 00:37:16,002 [INFO] No umask value specified in config file. Using the default one: 0o22
2026-04-12 00:37:16,064 [INFO] Pid: 1780
2026-04-12 00:37:18,049 [INFO] Refreshing listener credentials
2026-04-12 00:37:18,119 [INFO] Scheduling next credential refresh in 1799.0 seconds
******************* End of taillog *******************


[2026-04-12T00:37:40.710Z] Completed EB Bootstrapping Script.
+ RESULT=0
+ [[ 0 -ne 0 ]]
+ exit 0
